23:18:16 **** Incremental Build of configuration Debug for project I2C_scanner ****
make -j16 all 
arm-none-eabi-gcc "../Core/Src/main.c" -mcpu=cortex-m0plus -std=gnu11 -g3 -DDEBUG -DUSE_HAL_DRIVER -DSTM32G0B1xx -c -I../Core/Inc -I../Drivers/STM32G0xx_HAL_Driver/Inc -I../Drivers/STM32G0xx_HAL_Driver/Inc/Legacy -I../Drivers/CMSIS/Device/ST/STM32G0xx/Include -I../Drivers/CMSIS/Include -O0 -ffunction-sections -fdata-sections -Wall -fstack-usage -fcyclomatic-complexity -MMD -MP -MF"Core/Src/main.d" -MT"Core/Src/main.o" --specs=nano.specs -mfloat-abi=soft -mthumb -o "Core/Src/main.o"
arm-none-eabi-gcc -o "I2C_scanner.elf" @"objects.list"   -mcpu=cortex-m0plus -T"C:\Users\yasir\Documents\GitHub\STM32_I2C_Working\I2C_scanner\STM32G0B1RETX_FLASH.ld" --specs=nosys.specs -Wl,-Map="I2C_scanner.map" -Wl,--gc-sections -static --specs=nano.specs -mfloat-abi=soft -mthumb -Wl,--start-group -lc -lm -Wl,--end-group
Finished building target: I2C_scanner.elf
 
arm-none-eabi-size  I2C_scanner.elf 
arm-none-eabi-objdump -h -S I2C_scanner.elf  > "I2C_scanner.list"
   text	   data	    bss	    dec	    hex	filename
  14204	     36	   1812	  16052	   3eb4	I2C_scanner.elf
Finished building: default.size.stdout
 
Finished building: I2C_scanner.list
 

23:18:17 Build Finished. 0 errors, 0 warnings. (took 698ms)

