23:35:52 **** Incremental Build of configuration Debug for project I2C_LCD_test1 ****
make -j16 all 
arm-none-eabi-gcc "../Core/Src/main.c" -mcpu=cortex-m0plus -std=gnu11 -g3 -DDEBUG -DUSE_HAL_DRIVER -DSTM32G0B1xx -c -I../Core/Inc -I../Drivers/STM32G0xx_HAL_Driver/Inc -I../Drivers/STM32G0xx_HAL_Driver/Inc/Legacy -I../Drivers/CMSIS/Device/ST/STM32G0xx/Include -I../Drivers/CMSIS/Include -O0 -ffunction-sections -fdata-sections -Wall -fstack-usage -fcyclomatic-complexity -MMD -MP -MF"Core/Src/main.d" -MT"Core/Src/main.o" --specs=nano.specs -mfloat-abi=soft -mthumb -o "Core/Src/main.o"
../Core/Src/main.c: In function 'main':
../Core/Src/main.c:109:16: warning: unused variable 'x' [-Wunused-variable]
  109 |            int x;
      |                ^
arm-none-eabi-gcc -o "I2C_LCD_test1.elf" @"objects.list"   -mcpu=cortex-m0plus -T"C:\Users\yasir\Documents\GitHub\STM32_I2C_Working\I2C_LCD_test1\STM32G0B1RETX_FLASH.ld" --specs=nosys.specs -Wl,-Map="I2C_LCD_test1.map" -Wl,--gc-sections -static --specs=nano.specs -mfloat-abi=soft -mthumb -Wl,--start-group -lc -lm -Wl,--end-group
Finished building target: I2C_LCD_test1.elf
 
arm-none-eabi-size  I2C_LCD_test1.elf 
arm-none-eabi-objdump -h -S I2C_LCD_test1.elf  > "I2C_LCD_test1.list"
   text	   data	    bss	    dec	    hex	filename
  15152	     36	   1812	  17000	   4268	I2C_LCD_test1.elf
Finished building: default.size.stdout
 
Finished building: I2C_LCD_test1.list
 

23:35:52 Build Finished. 0 errors, 1 warnings. (took 699ms)

